
 RUN  v4.1.1 C:/Users/CAIO/Desktop/Antigravityy/thebarbers

 ÔØ» src/utils/dateUtils.test.js (4 tests | 1 failed) 33ms
     Ô£ô getLocalDateISO should return YYYY-MM-DD in SP timezone 23ms
     Ô£ô formatDate should return DD/MM/YYYY in SP timezone 1ms
     Ô£ô formatTime should return HH:mm in SP timezone 0ms
     ├ù getDayBoundaries should return correct midnight UTC ISO strings 7ms
node.exe : 
No linha:1 
caractere:1
+ & "C:\Program File
s\nodejs/node.exe" 
"C:\Program Files\no
dejs/node_mo ...
+ ~~~~~~~~~~~~~~~~~~
~~~~~~~~~~~~~~~~~~~~
~~~~~~~~~~~~~~~~~~~~
~~~~~~~~~~~
    + CategoryInfo  
            : NotS  
  pecified: (:Str   
 ing) [], Remote    
Exception
    + FullyQualifie 
   dErrorId : Nati  
  veCommandError
 
ÔÄ»ÔÄ»ÔÄ»ÔÄ»ÔÄ»ÔÄ»ÔÄ
» Failed Tests 1 ÔÄ»
ÔÄ»ÔÄ»ÔÄ»ÔÄ»ÔÄ»ÔÄ»

 FAIL  src/utils/dat
eUtils.test.js > 
dateUtils - 
Timezone 
America/Sao_Paulo > 
getDayBoundaries 
should return 
correct midnight 
UTC ISO strings
AssertionError: 
expected '2024-03-24
T03:00:00.000Z' to 
contain 'T00:00:00'

Expected: [32m"T00:
00:00"[39m
Received: [31m"2024
-03-24T03:00:00.000Z
"[39m

 ÔØ» src/utils/dateU
tils.test.js:37:23
     35|         // 
Actually our 
utility just 
creates ISO from 
local midnight
     36|         // 
Let's verify what 
it DOES vs what we 
expect
     37|         exp
ect(start).toContain
('T00:00:00');
       |            
           ^
     38|         exp
ect(end).toContain('
T23:59:59');
     39|     });

ÔÄ»ÔÄ»ÔÄ»ÔÄ»ÔÄ»ÔÄ»ÔÄ
»ÔÄ»ÔÄ»ÔÄ»ÔÄ»ÔÄ»ÔÄ»Ô
Ä»ÔÄ»ÔÄ»ÔÄ»ÔÄ»ÔÄ»ÔÄ»
ÔÄ»ÔÄ»ÔÄ»ÔÄ»[1/1]ÔÄ»


 Test Files  1 failed (1)
      Tests  1 failed | 3 passed (4)
   Start at  00:58:46
   Duration  276ms (transform 24ms, setup 0ms, import 39ms, tests 33ms, environment 0ms)

